Microchip MPLAB XC8 Compiler V2.10 ()

Linker command line:

-W-3 --edf=C:\Program Files (x86)\Microchip\xc8\v2.10\pic\dat\en_msgs.txt \
  -cs -h+dist/default/production\wigwag_rev2.X.production.sym \
  --cmf=dist/default/production\wigwag_rev2.X.production.cmf -z -Q16F18325 \
  -oC:\Users\abrah\AppData\Local\Temp\s6tc.2 --defsym=__MPLAB_BUILD=1 \
  -Mdist/default/production/wigwag_rev2.X.production.map -E1 -ver=XC8 \
  --acfsm=1493 -ASTACK=020B2h-020EFh -pstack=STACK -ACODE=00h-07FFhx4 \
  -ASTRCODE=00h-01FFFh -ASTRING=00h-0FFhx32 -ACONST=00h-0FFhx32 \
  -AENTRY=00h-0FFhx32 -ACOMMON=070h-07Fh -ABANK0=020h-06Fh \
  -ABANK1=0A0h-0EFh -ABANK2=0120h-016Fh -ABANK3=01A0h-01EFh \
  -ABANK4=0220h-026Fh -ABANK5=02A0h-02EFh -ABANK6=0320h-036Fh \
  -ABANK7=03A0h-03EFh -ABANK8=0420h-046Fh -ABANK9=04A0h-04EFh \
  -ABANK10=0520h-056Fh -ABANK11=05A0h-05EFh -ABANK12=0620h-064Fh \
  -ABIGRAM=02000h-023EFh \
  -ARAM=020h-06Fh,0A0h-0EFh,0120h-016Fh,01A0h-01EFh,0220h-026Fh,02A0h-02EFh,0320h-036Fh,03A0h-03EFh,0420h-046Fh,04A0h-04EFh,0520h-056Fh,05A0h-05EFh,0620h-064Fh \
  -AABS1=020h-07Fh,0A0h-0EFh,0120h-016Fh,01A0h-01EFh,0220h-026Fh,02A0h-02EFh,0320h-036Fh,03A0h-03EFh,0420h-046Fh,04A0h-04EFh,0520h-056Fh,05A0h-05EFh,0620h-064Fh \
  -ASFR0=00h-01Fh -ASFR1=080h-09Fh -ASFR2=0100h-011Fh -ASFR3=0180h-019Fh \
  -ASFR4=0200h-021Fh -ASFR5=0280h-029Fh -ASFR6=0300h-031Fh \
  -ASFR7=0380h-039Fh -ASFR8=0400h-041Fh -ASFR9=0480h-049Fh \
  -ASFR10=0500h-051Fh -ASFR11=0580h-059Fh -ASFR12=0600h-061Fh \
  -ASFR13=0680h-06EFh -ASFR14=0700h-076Fh -ASFR15=0780h-07EFh \
  -ASFR16=0800h-086Fh -ASFR17=0880h-08EFh -ASFR18=0900h-096Fh \
  -ASFR19=0980h-09EFh -ASFR20=0A00h-0A6Fh -ASFR21=0A80h-0AEFh \
  -ASFR22=0B00h-0B6Fh -ASFR23=0B80h-0BEFh -ASFR24=0C00h-0C6Fh \
  -ASFR25=0C80h-0CEFh -ASFR26=0D00h-0D6Fh -ASFR27=0D80h-0DEFh \
  -ASFR28=0E00h-0E6Fh -ASFR29=0E80h-0EEFh -ASFR30=0F00h-0F6Fh \
  -ASFR31=0F80h-0FEFh -preset_vec=00h,intentry=04h,init,end_init \
  -ppowerup=CODE -pcinit=CODE -pfunctab=ENTRY -ACONFIG=08007h-0800Ah \
  -pconfig=CONFIG -DCONFIG=2 -AIDLOC=08000h-08003h -pidloc=IDLOC -DIDLOC=2 \
  -AEEDATA=00h-0FFh/0F000h -peeprom_data=EEDATA -DEEDATA=2 -DCODE=2 \
  -DSTRCODE=2 -DSTRING=2 -DCONST=2 -DENTRY=2 -k \
  C:\Users\abrah\AppData\Local\Temp\s6tc.o \
  dist/default/production\wigwag_rev2.X.production.o 

Object code version is 3.11

Machine type is 16F18325



                Name                               Link     Load   Length Selector   Space Scale
C:\Users\abrah\AppData\Local\Temp\s6tc.o
                end_init                             28       28        2        8       0
                reset_vec                             0        0        2        0       0
                config                             8007     8007        4    1000E       0
dist/default/production\wigwag_rev2.X.production.o
                cinit                                2A       2A       43        8       0
                intentry                              4        4       24        8       0
                text44                              65C      65C       75        8       0
                text43                              DF6      DF6       22     1BEC       0
                text42                              CB7      CB7        A     196E       0
                text41                              D17      D17       11     1A2E       0
                text40                              CF8      CF8        F     19F0       0
                text39                              C93      C93        9     1926       0
                text38                              CC1      CC1        A     1982       0
                text37                              D28      D28       11     1A50       0
                text36                              7EA      7EA       16        8       0
                text34                              6D1      6D1       72        8       0
                text33                              CCB      CCB        A     1996       0
                text32                              532      532       9B        8       0
                text31                              EE8      EE8       2E     1DD0       0
                text30                              CD5      CD5        B     19AA       0
                text29                              5CD      5CD       8F        8       0
                text28                              F16      F16       34     1E2C       0
                text27                              E3D      E3D       26     1C7A       0
                text26                              D79      D79       1C     1AF2       0
                text25                              FC1      FC1       3F     1F82       0
                text24                              D39      D39       13     1A72       0
                text23                              DD5      DD5       21     1BAA       0
                text22                              743      743       58        8       0
                text21                              E18      E18       25     1C30       0
                text20                              79B      79B       4F        8       0
                text19                              EBB      EBB       2D     1D76       0
                text18                              F4A      F4A       39     1E94       0
                text17                              281      281      10A        8       0
                text16                              177      177      10A        8       0
                text15                              38B      38B      109        8       0
                text14                               6D       6D      10A        8       0
                text13                              D95      D95       20     1B2A       0
                text12                              F83      F83       3E     1F06       0
                text11                              494      494       9E        8       0
                text10                              C9C      C9C        9     1938       0
                text9                               CA5      CA5        9     194A       0
                text8                               E63      E63       2C     1CC6       0
                text7                               C8B      C8B        8     1916       0
                text6                               CAE      CAE        9     195C       0
                text5                               D4C      D4C       15     1A98       0
                text4                               C87      C87        4     190E       0
                text3                               D07      D07       10     1A0E       0
                text2                               C84      C84        3     1908       0
                text1                               D61      D61       18     1AC2       0
                maintext                            E8F      E8F       2C     1D1E       0
                cstackBANK0                          20       20       44       20       1
                cstackCOMMON                         70       70        7       70       1
                clrtext                             CE0      CE0        C     19C0       0
                inittext                            CEC      CEC        C     19D8       0
                bssBANK2                            120      120       12      120       1
                dataBANK1                            A0       A0       20       A0       1
                bssBANK1                             C0       C0       1B       A0       1
                bssBANK0                             64       64        B       20       1
                bssCOMMON                            77       77        5       70       1
                nvBANK1                              DB       DB        4       A0       1
                nvCOMMON                             7C       7C        2       70       1
                idataBANK1                          DB5      DB5       20     1B6A       0

TOTAL           Name                               Link     Load   Length     Space
        CLASS   STACK          

        CLASS   CODE           
                end_init                             28       28        2         0
                cinit                                2A       2A       43         0
                intentry                              4        4       24         0
                reset_vec                             0        0        2         0
                text44                              65C      65C       75         0
                text43                              DF6      DF6       22         0
                text42                              CB7      CB7        A         0
                text41                              D17      D17       11         0
                text40                              CF8      CF8        F         0
                text39                              C93      C93        9         0
                text38                              CC1      CC1        A         0
                text37                              D28      D28       11         0
                text36                              7EA      7EA       16         0
                text34                              6D1      6D1       72         0
                text33                              CCB      CCB        A         0
                text32                              532      532       9B         0
                text31                              EE8      EE8       2E         0
                text30                              CD5      CD5        B         0
                text29                              5CD      5CD       8F         0
                text28                              F16      F16       34         0
                text27                              E3D      E3D       26         0
                text26                              D79      D79       1C         0
                text25                              FC1      FC1       3F         0
                text24                              D39      D39       13         0
                text23                              DD5      DD5       21         0
                text22                              743      743       58         0
                text21                              E18      E18       25         0
                text20                              79B      79B       4F         0
                text19                              EBB      EBB       2D         0
                text18                              F4A      F4A       39         0
                text17                              281      281      10A         0
                text16                              177      177      10A         0
                text15                              38B      38B      109         0
                text14                               6D       6D      10A         0
                text13                              D95      D95       20         0
                text12                              F83      F83       3E         0
                text11                              494      494       9E         0
                text10                              C9C      C9C        9         0
                text9                               CA5      CA5        9         0
                text8                               E63      E63       2C         0
                text7                               C8B      C8B        8         0
                text6                               CAE      CAE        9         0
                text5                               D4C      D4C       15         0
                text4                               C87      C87        4         0
                text3                               D07      D07       10         0
                text2                               C84      C84        3         0
                text1                               D61      D61       18         0
                maintext                            E8F      E8F       2C         0
                clrtext                             CE0      CE0        C         0
                inittext                            CEC      CEC        C         0
                idataBANK1                          DB5      DB5       20         0

        CLASS   STRCODE        

        CLASS   STRING         

        CLASS   CONST          

        CLASS   ENTRY          

        CLASS   COMMON         
                cstackCOMMON                         70       70        7         1
                bssCOMMON                            77       77        5         1
                nvCOMMON                             7C       7C        2         1

        CLASS   BANK0          
                cstackBANK0                          20       20       44         1
                bssBANK0                             64       64        B         1

        CLASS   BANK1          
                dataBANK1                            A0       A0       20         1
                bssBANK1                             C0       C0       1B         1
                nvBANK1                              DB       DB        4         1

        CLASS   BANK2          
                bssBANK2                            120      120       12         1

        CLASS   BANK3          

        CLASS   BANK4          

        CLASS   BANK5          

        CLASS   BANK6          

        CLASS   BANK7          

        CLASS   BANK8          

        CLASS   BANK9          

        CLASS   BANK10         

        CLASS   BANK11         

        CLASS   BANK12         

        CLASS   BIGRAM         

        CLASS   RAM            

        CLASS   ABS1           
                abs_s1                               7E       7E        2         1
                abs_s1                              1A0      1A0       50         1
                abs_s1                              220      220       50         1
                abs_s1                              2A0      2A0       50         1
                abs_s1                              320      320       50         1
                abs_s1                              3A0      3A0       50         1
                abs_s1                              420      420       50         1
                abs_s1                              4A0      4A0       50         1
                abs_s1                              520      520       50         1
                abs_s1                              5A0      5A0       50         1
                abs_s1                              620      620       30         1
                abs_s1                             20F0     20F0        0         1

        CLASS   SFR0           

        CLASS   SFR1           

        CLASS   SFR2           

        CLASS   SFR3           

        CLASS   SFR4           

        CLASS   SFR5           

        CLASS   SFR6           

        CLASS   SFR7           

        CLASS   SFR8           

        CLASS   SFR9           

        CLASS   SFR10          

        CLASS   SFR11          

        CLASS   SFR12          

        CLASS   SFR13          

        CLASS   SFR14          

        CLASS   SFR15          

        CLASS   SFR16          

        CLASS   SFR17          

        CLASS   SFR18          

        CLASS   SFR19          

        CLASS   SFR20          

        CLASS   SFR21          

        CLASS   SFR22          

        CLASS   SFR23          

        CLASS   SFR24          

        CLASS   SFR25          

        CLASS   SFR26          

        CLASS   SFR27          

        CLASS   SFR28          

        CLASS   SFR29          

        CLASS   SFR30          

        CLASS   SFR31          

        CLASS   CONFIG         
                config                             8007     8007        4         0

        CLASS   IDLOC          

        CLASS   EEDATA         

        CLASS   BANK31         

        CLASS   BANK30         

        CLASS   BANK29         

        CLASS   BANK28         

        CLASS   BANK27         

        CLASS   BANK26         

        CLASS   BANK25         

        CLASS   BANK24         

        CLASS   BANK23         

        CLASS   BANK22         

        CLASS   BANK21         

        CLASS   BANK20         

        CLASS   BANK19         

        CLASS   BANK18         

        CLASS   BANK17         

        CLASS   BANK16         

        CLASS   BANK15         

        CLASS   BANK14         

        CLASS   BANK13         



SEGMENTS        Name                           Load    Length   Top    Selector   Space  Class     Delta

                reset_vec                      000000  000002  000002         0       0  CODE        2
                intentry                       000004  0007FC  000800         8       0  CODE        2
                cstackBANK0                    000020  00004F  00006F        20       1  BANK0       1
                cstackCOMMON                   000070  00000E  00007E        70       1  COMMON      1
                dataBANK1                      0000A0  00003F  0000DF        A0       1  BANK1       1
                bssBANK2                       000120  000012  000132       120       1  BANK2       1
                text2                          000C84  000003  000C87      1908       0  CODE        2
                text4                          000C87  000004  000C8B      190E       0  CODE        2
                text7                          000C8B  000008  000C93      1916       0  CODE        2
                text39                         000C93  000009  000C9C      1926       0  CODE        2
                text10                         000C9C  000009  000CA5      1938       0  CODE        2
                text9                          000CA5  000009  000CAE      194A       0  CODE        2
                text6                          000CAE  000009  000CB7      195C       0  CODE        2
                text42                         000CB7  00000A  000CC1      196E       0  CODE        2
                text38                         000CC1  00000A  000CCB      1982       0  CODE        2
                text33                         000CCB  00000A  000CD5      1996       0  CODE        2
                text30                         000CD5  00000B  000CE0      19AA       0  CODE        2
                clrtext                        000CE0  00000C  000CEC      19C0       0  CODE        2
                inittext                       000CEC  00000C  000CF8      19D8       0  CODE        2
                text40                         000CF8  00000F  000D07      19F0       0  CODE        2
                text3                          000D07  000010  000D17      1A0E       0  CODE        2
                text41                         000D17  000011  000D28      1A2E       0  CODE        2
                text37                         000D28  000011  000D39      1A50       0  CODE        2
                text24                         000D39  000013  000D4C      1A72       0  CODE        2
                text5                          000D4C  000015  000D61      1A98       0  CODE        2
                text1                          000D61  000018  000D79      1AC2       0  CODE        2
                text26                         000D79  00001C  000D95      1AF2       0  CODE        2
                text13                         000D95  000020  000DB5      1B2A       0  CODE        2
                idataBANK1                     000DB5  000020  000DD5      1B6A       0  CODE        2
                text23                         000DD5  000021  000DF6      1BAA       0  CODE        2
                text43                         000DF6  000022  000E18      1BEC       0  CODE        2
                text21                         000E18  000025  000E3D      1C30       0  CODE        2
                text27                         000E3D  000026  000E63      1C7A       0  CODE        2
                text8                          000E63  00002C  000E8F      1CC6       0  CODE        2
                maintext                       000E8F  00002C  000EBB      1D1E       0  CODE        2
                text19                         000EBB  00002D  000EE8      1D76       0  CODE        2
                text31                         000EE8  00002E  000F16      1DD0       0  CODE        2
                text28                         000F16  000034  000F4A      1E2C       0  CODE        2
                text18                         000F4A  000039  000F83      1E94       0  CODE        2
                text12                         000F83  00003E  000FC1      1F06       0  CODE        2
                text25                         000FC1  00003F  001000      1F82       0  CODE        2
                config                         008007  000004  00800B     1000E       0  CONFIG      2


UNUSED ADDRESS RANGES

        Name                Unused          Largest block    Delta
        BANK0            0006F-0006F               1           1
        BANK1            000DF-000EF              11           1
        BANK2            00132-0016F              3E           1
        BIGRAM           02000-023EF             3F0           1
        CODE             00002-00003               2           2
                         00800-00C83             484
                         01000-01FFF             800
        CONST            00002-00003               2           2
                         00800-00C83             100
                         01000-01FFF             100
        EEDATA           0F000-0F0FF             100           2
        ENTRY            00002-00003               2           2
                         00800-00C83             100
                         01000-01FFF             100
        IDLOC            08000-08003               4           2
        RAM              0006F-0006F               1           1
                         000DF-000EF              11
                         00132-0016F              3E
        SFR0             00000-0001F              20           1
        SFR1             00080-0009F              20           1
        SFR10            00500-0051F              20           1
        SFR11            00580-0059F              20           1
        SFR12            00600-0061F              20           1
        SFR13            00680-006EF              70           1
        SFR14            00700-0076F              70           1
        SFR15            00780-007EF              70           1
        SFR16            00800-0086F              70           1
        SFR17            00880-008EF              70           1
        SFR18            00900-0096F              70           1
        SFR19            00980-009EF              70           1
        SFR2             00100-0011F              20           1
        SFR20            00A00-00A6F              70           1
        SFR21            00A80-00AEF              70           1
        SFR22            00B00-00B6F              70           1
        SFR23            00B80-00BEF              70           1
        SFR24            00C00-00C6F              70           1
        SFR25            00C80-00CEF              70           1
        SFR26            00D00-00D6F              70           1
        SFR27            00D80-00DEF              70           1
        SFR28            00E00-00E6F              70           1
        SFR29            00E80-00EEF              70           1
        SFR3             00180-0019F              20           1
        SFR30            00F00-00F6F              70           1
        SFR31            00F80-00FEF              70           1
        SFR4             00200-0021F              20           1
        SFR5             00280-0029F              20           1
        SFR6             00300-0031F              20           1
        SFR7             00380-0039F              20           1
        SFR8             00400-0041F              20           1
        SFR9             00480-0049F              20           1
        STACK            020B2-020EF              3E           1
        STRCODE          00002-00003               2           2
                         00800-00C83             484
                         01000-01FFF            1000
        STRING           00002-00003               2           2
                         00800-00C83             100
                         01000-01FFF             100

                                  Symbol Table

?_ConstructStage                            cstackBANK0  00033
?_CopyStageData                             cstackBANK0  00033
?_NewPattern                                cstackBANK0  00028
?_NewStage                                  cstackBANK0  00020
?___wmul                                    cstackBANK0  00020
?_abs                                       cstackBANK0  00024
?_ms                                        cstackBANK0  00020
?i1_ms                                      cstackCOMMON 00070
AppendStage@head                            cstackBANK0  0003C
AppendStage@last_stage                      cstackBANK0  00042
AppendStage@new_stage                       cstackBANK0  0003E
AssignLightStates@i                         cstackBANK0  00027
AssignLightStates@stage                     cstackBANK0  00020
AssignLightStates@states                    cstackBANK0  00022
ConstructStage@new_stage                    cstackBANK0  00037
ConstructStage@next                         cstackBANK0  00035
ConstructStage@states                       cstackBANK0  00039
ConstructStage@time_ms                      cstackBANK0  00033
CopyStageData@dest                          cstackBANK0  00033
CopyStageData@i                             cstackBANK0  0003A
CopyStageData@source                        cstackBANK0  00035
EEPROM_GetSavedPattern@saved_pattern        cstackBANK0  00022
EEPROM_SavePattern@pattern_name             cstackBANK0  00023
FlashPattern@current_time                   cstackBANK0  0002F
IOCCF0_SetInterruptHandler@InterruptHandler cstackBANK0  00020
InitLowerPattern@F474                       dataBANK1    000A4
InitLowerPattern@F477                       dataBANK1    000A0
InitLowerPattern@head                       cstackBANK0  00059
InitLowerPattern@i                          cstackBANK0  00053
InitLowerPattern@i_942                      cstackBANK0  00055
InitLowerPattern@lower_left                 cstackBANK0  0004F
InitLowerPattern@lower_left_states          cstackBANK0  00047
InitLowerPattern@lower_right                cstackBANK0  00051
InitLowerPattern@lower_right_states         cstackBANK0  0004B
InitLowerPattern@off                        cstackBANK0  00057
InitLowerPattern@pattern                    cstackBANK0  00044
InitPatternSelector@i                       cstackBANK0  00061
InitPatternSelector@p_selector              cstackBANK0  0005B
InitUpperLowerPattern@F462                  dataBANK1    000AC
InitUpperLowerPattern@F465                  dataBANK1    000A8
InitUpperLowerPattern@head                  cstackBANK0  00059
InitUpperLowerPattern@i                     cstackBANK0  00053
InitUpperLowerPattern@i_916                 cstackBANK0  00055
InitUpperLowerPattern@lower                 cstackBANK0  00051
InitUpperLowerPattern@lower_states          cstackBANK0  0004B
InitUpperLowerPattern@off                   cstackBANK0  00057
InitUpperLowerPattern@pattern               cstackBANK0  00044
InitUpperLowerPattern@upper                 cstackBANK0  0004F
InitUpperLowerPattern@upper_states          cstackBANK0  00047
InitWigwagPattern@F438                      dataBANK1    000BC
InitWigwagPattern@F441                      dataBANK1    000B8
InitWigwagPattern@head                      cstackBANK0  00059
InitWigwagPattern@i                         cstackBANK0  00053
InitWigwagPattern@i_864                     cstackBANK0  00055
InitWigwagPattern@left_side_on              cstackBANK0  0004F
InitWigwagPattern@left_side_states          cstackBANK0  00047
InitWigwagPattern@off                       cstackBANK0  00057
InitWigwagPattern@pattern                   cstackBANK0  00044
InitWigwagPattern@right_side_on             cstackBANK0  00051
InitWigwagPattern@right_side_states         cstackBANK0  0004B
InitXStrobePattern@F450                     dataBANK1    000B4
InitXStrobePattern@F453                     dataBANK1    000B0
InitXStrobePattern@diag_1_4                 cstackBANK0  0004F
InitXStrobePattern@diag_1_4_states          cstackBANK0  00047
InitXStrobePattern@diag_2_3                 cstackBANK0  00051
InitXStrobePattern@diag_2_3_states          cstackBANK0  0004B
InitXStrobePattern@head                     cstackBANK0  00059
InitXStrobePattern@i                        cstackBANK0  00053
InitXStrobePattern@i_890                    cstackBANK0  00055
InitXStrobePattern@off                      cstackBANK0  00057
InitXStrobePattern@pattern                  cstackBANK0  00044
NewPattern@new_pattern                      cstackBANK0  00035
NewStage@init_states                        cstackBANK0  0002D
NewStage@new_stage                          cstackBANK0  00031
NextPattern@p_selector                      cstackBANK0  00024
PatternCycleInputChanged@delay_count        cstackBANK0  00022
SetLight@_state                             cstackBANK0  00020
SetLight@light                              cstackBANK0  00023
SetLight@state                              cstackBANK0  00024
SetOutputs@state                            cstackBANK0  00026
TMR1_SetInterruptHandler@InterruptHandler   cstackBANK0  00020
TMR1_WriteTimer@timerVal                    cstackCOMMON 00070
_ANSELA                                     (abs)        0018C
_ANSELC                                     (abs)        0018E
_AppendStage                                text22       00743
_AssignLightStates                          text21       00E18
_ConstructStage                             text19       00EBB
_CopyStageData                              text18       00F4A
_EEPROM_GetSavedPattern                     text23       00DD5
_EEPROM_SavePattern                         text30       00CD5
_FlashPattern                               text32       00532
_INLVLA                                     (abs)        0038C
_INLVLC                                     (abs)        0038E
_INTCONbits                                 (abs)        0000B
_INTERRUPT_InterruptManager                 intentry     00004
_IOCCF0_ISR                                 text40       00CF8
_IOCCF0_InterruptHandler                    nvBANK1      000DD
_IOCCF0_SetInterruptHandler                 text9        00CA5
_IOCCFbits                                  (abs)        00399
_IOCCNbits                                  (abs)        00398
_IOCCPbits                                  (abs)        00397
_InitLowerPattern                           text17       00281
_InitPatternSelector                        text11       00494
_InitUpperLowerPattern                      text16       00177
_InitWigwagPattern                          text15       0038B
_InitXStrobePattern                         text14       0006D
_LATA                                       (abs)        0010C
_LATC                                       (abs)        0010E
_LATCbits                                   (abs)        0010E
_NVMADRH                                    (abs)        00892
_NVMADRL                                    (abs)        00891
_NVMCON1bits                                (abs)        00895
_NVMCON2                                    (abs)        00896
_NVMDATH                                    (abs)        00894
_NVMDATL                                    (abs)        00893
_NewPattern                                 text12       00F83
_NewStage                                   text20       0079B
_NextPattern                                text29       005CD
_ODCONA                                     (abs)        0028C
_ODCONC                                     (abs)        0028E
_OSCCON1                                    (abs)        00919
_OSCCON3                                    (abs)        0091B
_OSCEN                                      (abs)        0091D
_OSCFRQ                                     (abs)        0091F
_OSCILLATOR_Initialize                      text10       00C9C
_OSCTUNE                                    (abs)        0091E
_PIE0bits                                   (abs)        00090
_PIE1bits                                   (abs)        00091
_PIN_MANAGER_IOC                            text39       00C93
_PIN_MANAGER_Initialize                     text8        00E63
_PIR0bits                                   (abs)        00010
_PIR1bits                                   (abs)        00011
_PMD0                                       (abs)        00911
_PMD1                                       (abs)        00912
_PMD2                                       (abs)        00913
_PMD3                                       (abs)        00914
_PMD4                                       (abs)        00915
_PMD5                                       (abs)        00916
_PMD_Initialize                             text7        00C8B
_PORTCbits                                  (abs)        0000E
_PatternCycleInputChanged                   text28       00F16
_SLRCONA                                    (abs)        0030C
_SLRCONC                                    (abs)        0030E
_STATUSbits                                 (abs)        00003
_SYSTEM_Initialize                          text3        00D07
_SetLight                                   text34       006D1
_SetOutputs                                 text27       00E3D
_T1CONbits                                  (abs)        0001B
_T1GCON                                     (abs)        0001C
_T1GCONbits                                 (abs)        0001C
_TMR1H                                      (abs)        0001A
_TMR1L                                      (abs)        00019
_TMR1_DefaultInterruptHandler               text38       00CC1
_TMR1_ISR                                   text36       007EA
_TMR1_Initialize                            text5        00D4C
_TMR1_InterruptHandler                      nvBANK1      000DB
_TMR1_SetInterruptHandler                   text6        00CAE
_TMR1_StartTimer                            text2        00C84
_TMR1_WriteTimer                            text37       00D28
_TRISA                                      (abs)        0008C
_TRISC                                      (abs)        0008E
_TripTurnSignal                             text41       00D17
_TurnSignalDone                             text25       00FC1
_WDTCON                                     (abs)        00097
_WDT_Initialize                             text4        00C87
_WPUA                                       (abs)        0020C
_WPUC                                       (abs)        0020E
__CFG_BOREN$ON                              (abs)        00000
__CFG_BORV$LOW                              (abs)        00000
__CFG_CLKOUTEN$OFF                          (abs)        00000
__CFG_CP$OFF                                (abs)        00000
__CFG_CPD$OFF                               (abs)        00000
__CFG_CSWEN$ON                              (abs)        00000
__CFG_DEBUG$OFF                             (abs)        00000
__CFG_FCMEN$ON                              (abs)        00000
__CFG_FEXTOSC$OFF                           (abs)        00000
__CFG_LPBOREN$OFF                           (abs)        00000
__CFG_LVP$ON                                (abs)        00000
__CFG_MCLRE$ON                              (abs)        00000
__CFG_PPS1WAY$ON                            (abs)        00000
__CFG_PWRTE$OFF                             (abs)        00000
__CFG_RSTOSC$HFINT1                         (abs)        00000
__CFG_STVREN$ON                             (abs)        00000
__CFG_WDTE$OFF                              (abs)        00000
__CFG_WRT$OFF                               (abs)        00000
__Habs1                                     abs1         00000
__Hbank0                                    bank0        00000
__Hbank1                                    bank1        00000
__Hbank10                                   bank10       00000
__Hbank11                                   bank11       00000
__Hbank12                                   bank12       00000
__Hbank13                                   bank13       00000
__Hbank14                                   bank14       00000
__Hbank15                                   bank15       00000
__Hbank16                                   bank16       00000
__Hbank17                                   bank17       00000
__Hbank18                                   bank18       00000
__Hbank19                                   bank19       00000
__Hbank2                                    bank2        00000
__Hbank20                                   bank20       00000
__Hbank21                                   bank21       00000
__Hbank22                                   bank22       00000
__Hbank23                                   bank23       00000
__Hbank24                                   bank24       00000
__Hbank25                                   bank25       00000
__Hbank26                                   bank26       00000
__Hbank27                                   bank27       00000
__Hbank28                                   bank28       00000
__Hbank29                                   bank29       00000
__Hbank3                                    bank3        00000
__Hbank30                                   bank30       00000
__Hbank31                                   bank31       00000
__Hbank4                                    bank4        00000
__Hbank5                                    bank5        00000
__Hbank6                                    bank6        00000
__Hbank7                                    bank7        00000
__Hbank8                                    bank8        00000
__Hbank9                                    bank9        00000
__Hbigram                                   bigram       00000
__HbssBANK0                                 bssBANK0     00000
__HbssBANK1                                 bssBANK1     00000
__HbssBANK2                                 bssBANK2     00000
__HbssCOMMON                                bssCOMMON    00000
__Hcinit                                    cinit        0006D
__Hclrtext                                  clrtext      00000
__Hcode                                     code         00000
__Hcommon                                   common       00000
__Hconfig                                   config       0800B
__HcstackBANK0                              cstackBANK0  00000
__HcstackCOMMON                             cstackCOMMON 00000
__HdataBANK1                                dataBANK1    00000
__Heeprom_data                              eeprom_data  00000
__Hend_init                                 end_init     0002A
__Hfunctab                                  functab      00000
__HidataBANK1                               idataBANK1   00000
__Hidloc                                    idloc        00000
__Hinit                                     init         00028
__Hinittext                                 inittext     00000
__Hintentry                                 intentry     00028
__Hmaintext                                 maintext     00000
__HnvBANK1                                  nvBANK1      00000
__HnvCOMMON                                 nvCOMMON     00000
__Hpowerup                                  powerup      00000
__Hram                                      ram          00000
__Hreset_vec                                reset_vec    00002
__Hsfr0                                     sfr0         00000
__Hsfr1                                     sfr1         00000
__Hsfr10                                    sfr10        00000
__Hsfr11                                    sfr11        00000
__Hsfr12                                    sfr12        00000
__Hsfr13                                    sfr13        00000
__Hsfr14                                    sfr14        00000
__Hsfr15                                    sfr15        00000
__Hsfr16                                    sfr16        00000
__Hsfr17                                    sfr17        00000
__Hsfr18                                    sfr18        00000
__Hsfr19                                    sfr19        00000
__Hsfr2                                     sfr2         00000
__Hsfr20                                    sfr20        00000
__Hsfr21                                    sfr21        00000
__Hsfr22                                    sfr22        00000
__Hsfr23                                    sfr23        00000
__Hsfr24                                    sfr24        00000
__Hsfr25                                    sfr25        00000
__Hsfr26                                    sfr26        00000
__Hsfr27                                    sfr27        00000
__Hsfr28                                    sfr28        00000
__Hsfr29                                    sfr29        00000
__Hsfr3                                     sfr3         00000
__Hsfr30                                    sfr30        00000
__Hsfr31                                    sfr31        00000
__Hsfr4                                     sfr4         00000
__Hsfr5                                     sfr5         00000
__Hsfr6                                     sfr6         00000
__Hsfr7                                     sfr7         00000
__Hsfr8                                     sfr8         00000
__Hsfr9                                     sfr9         00000
__Hspace_0                                  (abs)        0800B
__Hspace_1                                  (abs)        00132
__Hspace_2                                  (abs)        00000
__Hspace_3                                  (abs)        00000
__Hstack                                    stack        00000
__Hstrings                                  strings      00000
__Htext                                     text         00000
__Labs1                                     abs1         00000
__Lbank0                                    bank0        00000
__Lbank1                                    bank1        00000
__Lbank10                                   bank10       00000
__Lbank11                                   bank11       00000
__Lbank12                                   bank12       00000
__Lbank13                                   bank13       00000
__Lbank14                                   bank14       00000
__Lbank15                                   bank15       00000
__Lbank16                                   bank16       00000
__Lbank17                                   bank17       00000
__Lbank18                                   bank18       00000
__Lbank19                                   bank19       00000
__Lbank2                                    bank2        00000
__Lbank20                                   bank20       00000
__Lbank21                                   bank21       00000
__Lbank22                                   bank22       00000
__Lbank23                                   bank23       00000
__Lbank24                                   bank24       00000
__Lbank25                                   bank25       00000
__Lbank26                                   bank26       00000
__Lbank27                                   bank27       00000
__Lbank28                                   bank28       00000
__Lbank29                                   bank29       00000
__Lbank3                                    bank3        00000
__Lbank30                                   bank30       00000
__Lbank31                                   bank31       00000
__Lbank4                                    bank4        00000
__Lbank5                                    bank5        00000
__Lbank6                                    bank6        00000
__Lbank7                                    bank7        00000
__Lbank8                                    bank8        00000
__Lbank9                                    bank9        00000
__Lbigram                                   bigram       00000
__LbssBANK0                                 bssBANK0     00000
__LbssBANK1                                 bssBANK1     00000
__LbssBANK2                                 bssBANK2     00000
__LbssCOMMON                                bssCOMMON    00000
__Lcinit                                    cinit        0002A
__Lclrtext                                  clrtext      00000
__Lcode                                     code         00000
__Lcommon                                   common       00000
__Lconfig                                   config       08007
__LcstackBANK0                              cstackBANK0  00000
__LcstackCOMMON                             cstackCOMMON 00000
__LdataBANK1                                dataBANK1    00000
__Leeprom_data                              eeprom_data  00000
__Lend_init                                 end_init     00028
__Lfunctab                                  functab      00000
__LidataBANK1                               idataBANK1   00000
__Lidloc                                    idloc        00000
__Linit                                     init         00028
__Linittext                                 inittext     00000
__Lintentry                                 intentry     00004
__Lmaintext                                 maintext     00000
__LnvBANK1                                  nvBANK1      00000
__LnvCOMMON                                 nvCOMMON     00000
__Lpowerup                                  powerup      00000
__Lram                                      ram          00000
__Lreset_vec                                reset_vec    00000
__Lsfr0                                     sfr0         00000
__Lsfr1                                     sfr1         00000
__Lsfr10                                    sfr10        00000
__Lsfr11                                    sfr11        00000
__Lsfr12                                    sfr12        00000
__Lsfr13                                    sfr13        00000
__Lsfr14                                    sfr14        00000
__Lsfr15                                    sfr15        00000
__Lsfr16                                    sfr16        00000
__Lsfr17                                    sfr17        00000
__Lsfr18                                    sfr18        00000
__Lsfr19                                    sfr19        00000
__Lsfr2                                     sfr2         00000
__Lsfr20                                    sfr20        00000
__Lsfr21                                    sfr21        00000
__Lsfr22                                    sfr22        00000
__Lsfr23                                    sfr23        00000
__Lsfr24                                    sfr24        00000
__Lsfr25                                    sfr25        00000
__Lsfr26                                    sfr26        00000
__Lsfr27                                    sfr27        00000
__Lsfr28                                    sfr28        00000
__Lsfr29                                    sfr29        00000
__Lsfr3                                     sfr3         00000
__Lsfr30                                    sfr30        00000
__Lsfr31                                    sfr31        00000
__Lsfr4                                     sfr4         00000
__Lsfr5                                     sfr5         00000
__Lsfr6                                     sfr6         00000
__Lsfr7                                     sfr7         00000
__Lsfr8                                     sfr8         00000
__Lsfr9                                     sfr9         00000
__Lspace_0                                  (abs)        00000
__Lspace_1                                  (abs)        00000
__Lspace_2                                  (abs)        00000
__Lspace_3                                  (abs)        00000
__Lstack                                    stack        00000
__Lstrings                                  strings      00000
__Ltext                                     text         00000
__S0                                        (abs)        0800B
__S1                                        (abs)        00132
__S2                                        (abs)        00000
__S3                                        (abs)        00000
___int_sp                                   stack        00000
___latbits                                  (abs)        00002
___sp                                       stack        00000
___stackhi                                  (abs)        020EF
___stacklo                                  (abs)        020B2
___wmul                                     text13       00D95
___wmul@multiplicand                        cstackBANK0  00022
___wmul@multiplier                          cstackBANK0  00020
___wmul@product                             cstackBANK0  00024
__end_of_AppendStage                        text22       0079B
__end_of_AssignLightStates                  text21       00E3D
__end_of_ConstructStage                     text19       00EE8
__end_of_CopyStageData                      text18       00F83
__end_of_EEPROM_GetSavedPattern             text23       00DF6
__end_of_EEPROM_SavePattern                 text30       00CE0
__end_of_FlashPattern                       text32       005CD
__end_of_INTERRUPT_InterruptManager         intentry     00028
__end_of_IOCCF0_ISR                         text40       00D07
__end_of_IOCCF0_SetInterruptHandler         text9        00CAE
__end_of_InitLowerPattern                   text17       0038B
__end_of_InitPatternSelector                text11       00532
__end_of_InitUpperLowerPattern              text16       00281
__end_of_InitWigwagPattern                  text15       00494
__end_of_InitXStrobePattern                 text14       00177
__end_of_NewPattern                         text12       00FC1
__end_of_NewStage                           text20       007EA
__end_of_NextPattern                        text29       0065C
__end_of_OSCILLATOR_Initialize              text10       00CA5
__end_of_PIN_MANAGER_IOC                    text39       00C9C
__end_of_PIN_MANAGER_Initialize             text8        00E8F
__end_of_PMD_Initialize                     text7        00C93
__end_of_PatternCycleInputChanged           text28       00F4A
__end_of_SYSTEM_Initialize                  text3        00D17
__end_of_SetLight                           text34       00743
__end_of_SetOutputs                         text27       00E63
__end_of_TMR1_DefaultInterruptHandler       text38       00CCB
__end_of_TMR1_ISR                           text36       00800
__end_of_TMR1_Initialize                    text5        00D61
__end_of_TMR1_SetInterruptHandler           text6        00CB7
__end_of_TMR1_StartTimer                    text2        00C87
__end_of_TMR1_WriteTimer                    text37       00D39
__end_of_TripTurnSignal                     text41       00D28
__end_of_TurnSignalDone                     text25       01000
__end_of_WDT_Initialize                     text4        00C8B
__end_of___wmul                             text13       00DB5
__end_of__initialization                    cinit        00069
__end_of_abs                                text26       00D95
__end_of_eeprom_read                        text24       00D4C
__end_of_eeprom_write                       text31       00F16
__end_of_main                               maintext     00EBB
__end_of_ms                                 text33       00CD5
__end_of_setup                              text1        00D79
__end_ofi1_SetLight                         text44       006D1
__end_ofi1_SetOutputs                       text43       00E18
__end_ofi1_ms                               text42       00CC1
__initialization                            cinit        0002A
__pbssBANK0                                 bssBANK0     00064
__pbssBANK1                                 bssBANK1     000C0
__pbssBANK2                                 bssBANK2     00120
__pbssBIGRAM                                (abs)        020F0
__pbssCOMMON                                bssCOMMON    00077
__pcstackBANK0                              cstackBANK0  00020
__pcstackCOMMON                             cstackCOMMON 00070
__pdataBANK1                                dataBANK1    000A0
__pidataBANK1                               idataBANK1   00DB5
__pintentry                                 intentry     00004
__pmaintext                                 maintext     00E8F
__pnvBANK1                                  nvBANK1      000DB
__pnvCOMMON                                 nvCOMMON     0007C
__ptext1                                    text1        00D61
__ptext10                                   text10       00C9C
__ptext11                                   text11       00494
__ptext12                                   text12       00F83
__ptext13                                   text13       00D95
__ptext14                                   text14       0006D
__ptext15                                   text15       0038B
__ptext16                                   text16       00177
__ptext17                                   text17       00281
__ptext18                                   text18       00F4A
__ptext19                                   text19       00EBB
__ptext2                                    text2        00C84
__ptext20                                   text20       0079B
__ptext21                                   text21       00E18
__ptext22                                   text22       00743
__ptext23                                   text23       00DD5
__ptext24                                   text24       00D39
__ptext25                                   text25       00FC1
__ptext26                                   text26       00D79
__ptext27                                   text27       00E3D
__ptext28                                   text28       00F16
__ptext29                                   text29       005CD
__ptext3                                    text3        00D07
__ptext30                                   text30       00CD5
__ptext31                                   text31       00EE8
__ptext32                                   text32       00532
__ptext33                                   text33       00CCB
__ptext34                                   text34       006D1
__ptext36                                   text36       007EA
__ptext37                                   text37       00D28
__ptext38                                   text38       00CC1
__ptext39                                   text39       00C93
__ptext4                                    text4        00C87
__ptext40                                   text40       00CF8
__ptext41                                   text41       00D17
__ptext42                                   text42       00CB7
__ptext43                                   text43       00DF6
__ptext44                                   text44       0065C
__ptext5                                    text5        00D4C
__ptext6                                    text6        00CAE
__ptext7                                    text7        00C8B
__ptext8                                    text8        00E63
__ptext9                                    text9        00CA5
__size_of_AppendStage                       (abs)        00000
__size_of_AssignLightStates                 (abs)        00000
__size_of_ConstructStage                    (abs)        00000
__size_of_CopyStageData                     (abs)        00000
__size_of_EEPROM_GetSavedPattern            (abs)        00000
__size_of_EEPROM_SavePattern                (abs)        00000
__size_of_FlashPattern                      (abs)        00000
__size_of_INTERRUPT_InterruptManager        (abs)        00000
__size_of_IOCCF0_ISR                        (abs)        00000
__size_of_IOCCF0_SetInterruptHandler        (abs)        00000
__size_of_InitLowerPattern                  (abs)        00000
__size_of_InitPatternSelector               (abs)        00000
__size_of_InitUpperLowerPattern             (abs)        00000
__size_of_InitWigwagPattern                 (abs)        00000
__size_of_InitXStrobePattern                (abs)        00000
__size_of_NewPattern                        (abs)        00000
__size_of_NewStage                          (abs)        00000
__size_of_NextPattern                       (abs)        00000
__size_of_OSCILLATOR_Initialize             (abs)        00000
__size_of_PIN_MANAGER_IOC                   (abs)        00000
__size_of_PIN_MANAGER_Initialize            (abs)        00000
__size_of_PMD_Initialize                    (abs)        00000
__size_of_PatternCycleInputChanged          (abs)        00000
__size_of_SYSTEM_Initialize                 (abs)        00000
__size_of_SetLight                          (abs)        00000
__size_of_SetOutputs                        (abs)        00000
__size_of_TMR1_DefaultInterruptHandler      (abs)        00000
__size_of_TMR1_ISR                          (abs)        00000
__size_of_TMR1_Initialize                   (abs)        00000
__size_of_TMR1_SetInterruptHandler          (abs)        00000
__size_of_TMR1_StartTimer                   (abs)        00000
__size_of_TMR1_WriteTimer                   (abs)        00000
__size_of_TripTurnSignal                    (abs)        00000
__size_of_TurnSignalDone                    (abs)        00000
__size_of_WDT_Initialize                    (abs)        00000
__size_of___wmul                            (abs)        00000
__size_of_abs                               (abs)        00000
__size_of_eeprom_read                       (abs)        00000
__size_of_eeprom_write                      (abs)        00000
__size_of_main                              (abs)        00000
__size_of_ms                                (abs)        00000
__size_of_setup                             (abs)        00000
__size_ofi1_SetLight                        (abs)        00000
__size_ofi1_SetOutputs                      (abs)        00000
__size_ofi1_ms                              (abs)        00000
_abs                                        text26       00D79
_cur_ms                                     bssBANK0     00064
_cur_pc_input_state                         bssBANK0     0006E
_eeprom_read                                text24       00D39
_eeprom_write                               text31       00EE8
_last_pc_input_state                        bssBANK0     0006D
_main                                       maintext     00E8F
_ms                                         text33       00CCB
_pattern_list_iter                          bssBANK0     00068
_pattern_selector                           bssBANK1     000C8
_pattern_stash                              bssBANK2     00120
_setup                                      text1        00D61
_stage_list_iter                            bssBANK0     0006A
_stage_stash                                (abs)        020F0
_timer1ReloadVal                            nvCOMMON     0007C
_ts_trigger                                 bssCOMMON    0007B
_ts_trigger_time                            bssBANK1     000C4
_update_stage                               bssBANK0     0006C
abs@a                                       cstackBANK0  00024
btemp                                       (abs)        0007E
clear_ram0                                  clrtext      00CE0
eeprom_read@addr                            cstackBANK0  00020
eeprom_write@addr                           cstackBANK0  00021
eeprom_write@value                          cstackBANK0  00020
end_of_initialization                       cinit        00069
i1SetLight@_state                           cstackCOMMON 00070
i1SetLight@light                            cstackCOMMON 00073
i1SetLight@state                            cstackCOMMON 00074
i1SetOutputs@state                          cstackCOMMON 00076
i1_SetLight                                 text44       0065C
i1_SetOutputs                               text43       00DF6
i1_ms                                       text42       00CB7
init_ram                                    inittext     00CEC
int$flags                                   (abs)        0007E
intlevel0                                   functab      00000
intlevel1                                   functab      00000
intlevel2                                   functab      00000
intlevel3                                   functab      00000
intlevel4                                   functab      00000
intlevel5                                   functab      00000
reset_vec                                   reset_vec    00000
start                                       init         00028
start_initialization                        cinit        0002A
wtemp0                                      (abs)        0007E


FUNCTION INFORMATION:

 *************** function _main *****************
 Defined at:
		line 32 in file "main.c"
 Parameters:    Size  Location     Type
		None
 Auto vars:     Size  Location     Type
		None
 Return value:  Size  Location     Type
                  1    wreg      void 
 Registers used:
		wreg, fsr0l, fsr0h, fsr1l, fsr1h, status,2, status,0, pclath, cstack
 Tracked objects:
		On entry : 
		On exit  : 
		Unchanged: 
 Data sizes:     COMMON   BANK0   BANK1   BANK2   BANK3   BANK4   BANK5   BANK6   BANK7   BANK8   BANK9  BANK10  BANK11  BANK12
      Params:         0       0       0       0       0       0       0       0       0       0       0       0       0       0
      Locals:         0       0       0       0       0       0       0       0       0       0       0       0       0       0
      Temps:          0       1       0       0       0       0       0       0       0       0       0       0       0       0
      Totals:         0       1       0       0       0       0       0       0       0       0       0       0       0       0
Total ram usage:        1 bytes
 Hardware stack levels required when called:   12
 This function calls:
		_FlashPattern
		_NextPattern
		_PatternCycleInputChanged
		_TurnSignalDone
		_setup
 This function is called by:
		Startup code after reset
 This function uses a non-reentrant model


 *************** function _setup *****************
 Defined at:
		line 12 in file "main.c"
 Parameters:    Size  Location     Type
		None
 Auto vars:     Size  Location     Type
		None
 Return value:  Size  Location     Type
                  1    wreg      void 
 Registers used:
		wreg, fsr0l, fsr0h, fsr1l, fsr1h, status,2, status,0, pclath, cstack
 Tracked objects:
		On entry : 
		On exit  : 
		Unchanged: 
 Data sizes:     COMMON   BANK0   BANK1   BANK2   BANK3   BANK4   BANK5   BANK6   BANK7   BANK8   BANK9  BANK10  BANK11  BANK12
      Params:         0       0       0       0       0       0       0       0       0       0       0       0       0       0
      Locals:         0       0       0       0       0       0       0       0       0       0       0       0       0       0
      Temps:          0       0       0       0       0       0       0       0       0       0       0       0       0       0
      Totals:         0       0       0       0       0       0       0       0       0       0       0       0       0       0
Total ram usage:        0 bytes
 Hardware stack levels used:    1
 Hardware stack levels required when called:   11
 This function calls:
		_InitPatternSelector
		_SYSTEM_Initialize
		_SetOutputs
		_TMR1_Initialize
		_TMR1_StartTimer
 This function is called by:
		_main
 This function uses a non-reentrant model


 *************** function _TMR1_StartTimer *****************
 Defined at:
		line 93 in file "mcc_generated_files/tmr1.c"
 Parameters:    Size  Location     Type
		None
 Auto vars:     Size  Location     Type
		None
 Return value:  Size  Location     Type
                  1    wreg      void 
 Registers used:
		None
 Tracked objects:
		On entry : 
		On exit  : 
		Unchanged: 
 Data sizes:     COMMON   BANK0   BANK1   BANK2   BANK3   BANK4   BANK5   BANK6   BANK7   BANK8   BANK9  BANK10  BANK11  BANK12
      Params:         0       0       0       0       0       0       0       0       0       0       0       0       0       0
      Locals:         0       0       0       0       0       0       0       0       0       0       0       0       0       0
      Temps:          0       0       0       0       0       0       0       0       0       0       0       0       0       0
      Totals:         0       0       0       0       0       0       0       0       0       0       0       0       0       0
Total ram usage:        0 bytes
 Hardware stack levels used:    1
 Hardware stack levels required when called:    6
 This function calls:
		Nothing
 This function is called by:
		_setup
 This function uses a non-reentrant model


 *************** function _SYSTEM_Initialize *****************
 Defined at:
		line 50 in file "mcc_generated_files/mcc.c"
 Parameters:    Size  Location     Type
		None
 Auto vars:     Size  Location     Type
		None
 Return value:  Size  Location     Type
                  1    wreg      void 
 Registers used:
		wreg, status,2, status,0, pclath, cstack
 Tracked objects:
		On entry : 
		On exit  : 
		Unchanged: 
 Data sizes:     COMMON   BANK0   BANK1   BANK2   BANK3   BANK4   BANK5   BANK6   BANK7   BANK8   BANK9  BANK10  BANK11  BANK12
      Params:         0       0       0       0       0       0       0       0       0       0       0       0       0       0
      Locals:         0       0       0       0       0       0       0       0       0       0       0       0       0       0
      Temps:          0       0       0       0       0       0       0       0       0       0       0       0       0       0
      Totals:         0       0       0       0       0       0       0       0       0       0       0       0       0       0
Total ram usage:        0 bytes
 Hardware stack levels used:    1
 Hardware stack levels required when called:    8
 This function calls:
		_OSCILLATOR_Initialize
		_PIN_MANAGER_Initialize
		_PMD_Initialize
		_TMR1_Initialize
		_WDT_Initialize
 This function is called by:
		_setup
 This function uses a non-reentrant model


 *************** function _WDT_Initialize *****************
 Defined at:
		line 74 in file "mcc_generated_files/mcc.c"
 Parameters:    Size  Location     Type
		None
 Auto vars:     Size  Location     Type
		None
 Return value:  Size  Location     Type
                  1    wreg      void 
 Registers used:
		wreg
 Tracked objects:
		On entry : 
		On exit  : 
		Unchanged: 
 Data sizes:     COMMON   BANK0   BANK1   BANK2   BANK3   BANK4   BANK5   BANK6   BANK7   BANK8   BANK9  BANK10  BANK11  BANK12
      Params:         0       0       0       0       0       0       0       0       0       0       0       0       0       0
      Locals:         0       0       0       0       0       0       0       0       0       0       0       0       0       0
      Temps:          0       0       0       0       0       0       0       0       0       0       0       0       0       0
      Totals:         0       0       0       0       0       0       0       0       0       0       0       0       0       0
Total ram usage:        0 bytes
 Hardware stack levels used:    1
 Hardware stack levels required when called:    6
 This function calls:
		Nothing
 This function is called by:
		_SYSTEM_Initialize
 This function uses a non-reentrant model


 *************** function _TMR1_Initialize *****************
 Defined at:
		line 64 in file "mcc_generated_files/tmr1.c"
 Parameters:    Size  Location     Type
		None
 Auto vars:     Size  Location     Type
		None
 Return value:  Size  Location     Type
                  1    wreg      void 
 Registers used:
		wreg, status,2, status,0, pclath, cstack
 Tracked objects:
		On entry : 
		On exit  : 
		Unchanged: 
 Data sizes:     COMMON   BANK0   BANK1   BANK2   BANK3   BANK4   BANK5   BANK6   BANK7   BANK8   BANK9  BANK10  BANK11  BANK12
      Params:         0       0       0       0       0       0       0       0       0       0       0       0       0       0
      Locals:         0       0       0       0       0       0       0       0       0       0       0       0       0       0
      Temps:          0       0       0       0       0       0       0       0       0       0       0       0       0       0
      Totals:         0       0       0       0       0       0       0       0       0       0       0       0       0       0
Total ram usage:        0 bytes
 Hardware stack levels used:    1
 Hardware stack levels required when called:    7
 This function calls:
		_TMR1_SetInterruptHandler
 This function is called by:
		_SYSTEM_Initialize
		_setup
 This function uses a non-reentrant model


 *************** function _TMR1_SetInterruptHandler *****************
 Defined at:
		line 172 in file "mcc_generated_files/tmr1.c"
 Parameters:    Size  Location     Type
  InterruptHan    2    0[BANK0 ] PTR FTN()void 
		 -> TMR1_DefaultInterruptHandler(1), 
 Auto vars:     Size  Location     Type
		None
 Return value:  Size  Location     Type
                  1    wreg      void 
 Registers used:
		wreg
 Tracked objects:
		On entry : 
		On exit  : 
		Unchanged: 
 Data sizes:     COMMON   BANK0   BANK1   BANK2   BANK3   BANK4   BANK5   BANK6   BANK7   BANK8   BANK9  BANK10  BANK11  BANK12
      Params:         0       2       0       0       0       0       0       0       0       0       0       0       0       0
      Locals:         0       0       0       0       0       0       0       0       0       0       0       0       0       0
      Temps:          0       0       0       0       0       0       0       0       0       0       0       0       0       0
      Totals:         0       2       0       0       0       0       0       0       0       0       0       0       0       0
Total ram usage:        2 bytes
 Hardware stack levels used:    1
 Hardware stack levels required when called:    6
 This function calls:
		Nothing
 This function is called by:
		_TMR1_Initialize
 This function uses a non-reentrant model


 *************** function _PMD_Initialize *****************
 Defined at:
		line 80 in file "mcc_generated_files/mcc.c"
 Parameters:    Size  Location     Type
		None
 Auto vars:     Size  Location     Type
		None
 Return value:  Size  Location     Type
                  1    wreg      void 
 Registers used:
		status,2
 Tracked objects:
		On entry : 
		On exit  : 
		Unchanged: 
 Data sizes:     COMMON   BANK0   BANK1   BANK2   BANK3   BANK4   BANK5   BANK6   BANK7   BANK8   BANK9  BANK10  BANK11  BANK12
      Params:         0       0       0       0       0       0       0       0       0       0       0       0       0       0
      Locals:         0       0       0       0       0       0       0       0       0       0       0       0       0       0
      Temps:          0       0       0       0       0       0       0       0       0       0       0       0       0       0
      Totals:         0       0       0       0       0       0       0       0       0       0       0       0       0       0
Total ram usage:        0 bytes
 Hardware stack levels used:    1
 Hardware stack levels required when called:    6
 This function calls:
		Nothing
 This function is called by:
		_SYSTEM_Initialize
 This function uses a non-reentrant model


 *************** function _PIN_MANAGER_Initialize *****************
 Defined at:
		line 57 in file "mcc_generated_files/pin_manager.c"
 Parameters:    Size  Location     Type
		None
 Auto vars:     Size  Location     Type
		None
 Return value:  Size  Location     Type
                  1    wreg      void 
 Registers used:
		wreg, status,2, status,0, pclath, cstack
 Tracked objects:
		On entry : 
		On exit  : 
		Unchanged: 
 Data sizes:     COMMON   BANK0   BANK1   BANK2   BANK3   BANK4   BANK5   BANK6   BANK7   BANK8   BANK9  BANK10  BANK11  BANK12
      Params:         0       0       0       0       0       0       0       0       0       0       0       0       0       0
      Locals:         0       0       0       0       0       0       0       0       0       0       0       0       0       0
      Temps:          0       0       0       0       0       0       0       0       0       0       0       0       0       0
      Totals:         0       0       0       0       0       0       0       0       0       0       0       0       0       0
Total ram usage:        0 bytes
 Hardware stack levels used:    1
 Hardware stack levels required when called:    7
 This function calls:
		_IOCCF0_SetInterruptHandler
 This function is called by:
		_SYSTEM_Initialize
 This function uses a non-reentrant model


 *************** function _IOCCF0_SetInterruptHandler *****************
 Defined at:
		line 147 in file "mcc_generated_files/pin_manager.c"
 Parameters:    Size  Location     Type
  InterruptHan    2    0[BANK0 ] PTR FTN()void 
		 -> TripTurnSignal(1), 
 Auto vars:     Size  Location     Type
		None
 Return value:  Size  Location     Type
                  1    wreg      void 
 Registers used:
		wreg
 Tracked objects:
		On entry : 
		On exit  : 
		Unchanged: 
 Data sizes:     COMMON   BANK0   BANK1   BANK2   BANK3   BANK4   BANK5   BANK6   BANK7   BANK8   BANK9  BANK10  BANK11  BANK12
      Params:         0       2       0       0       0       0       0       0       0       0       0       0       0       0
      Locals:         0       0       0       0       0       0       0       0       0       0       0       0       0       0
      Temps:          0       0       0       0       0       0       0       0       0       0       0       0       0       0
      Totals:         0       2       0       0       0       0       0       0       0       0       0       0       0       0
Total ram usage:        2 bytes
 Hardware stack levels used:    1
 Hardware stack levels required when called:    6
 This function calls:
		Nothing
 This function is called by:
		_PIN_MANAGER_Initialize
 This function uses a non-reentrant model


 *************** function _OSCILLATOR_Initialize *****************
 Defined at:
		line 60 in file "mcc_generated_files/mcc.c"
 Parameters:    Size  Location     Type
		None
 Auto vars:     Size  Location     Type
		None
 Return value:  Size  Location     Type
                  1    wreg      void 
 Registers used:
		wreg, status,2
 Tracked objects:
		On entry : 
		On exit  : 
		Unchanged: 
 Data sizes:     COMMON   BANK0   BANK1   BANK2   BANK3   BANK4   BANK5   BANK6   BANK7   BANK8   BANK9  BANK10  BANK11  BANK12
      Params:         0       0       0       0       0       0       0       0       0       0       0       0       0       0
      Locals:         0       0       0       0       0       0       0       0       0       0       0       0       0       0
      Temps:          0       0       0       0       0       0       0       0       0       0       0       0       0       0
      Totals:         0       0       0       0       0       0       0       0       0       0       0       0       0       0
Total ram usage:        0 bytes
 Hardware stack levels used:    1
 Hardware stack levels required when called:    6
 This function calls:
		Nothing
 This function is called by:
		_SYSTEM_Initialize
 This function uses a non-reentrant model


 *************** function _InitPatternSelector *****************
 Defined at:
		line 3 in file "PatternSelector.c"
 Parameters:    Size  Location     Type
  p_selector      2   59[BANK0 ] PTR volatile struct Patt
		 -> pattern_selector(19), 
 Auto vars:     Size  Location     Type
  i               2   65[BANK0 ] int 
 Return value:  Size  Location     Type
                  1    wreg      void 
 Registers used:
		wreg, fsr0l, fsr0h, fsr1l, fsr1h, status,2, status,0, pclath, cstack
 Tracked objects:
		On entry : 
		On exit  : 
		Unchanged: 
 Data sizes:     COMMON   BANK0   BANK1   BANK2   BANK3   BANK4   BANK5   BANK6   BANK7   BANK8   BANK9  BANK10  BANK11  BANK12
      Params:         0       2       0       0       0       0       0       0       0       0       0       0       0       0
      Locals:         0       2       0       0       0       0       0       0       0       0       0       0       0       0
      Temps:          0       4       0       0       0       0       0       0       0       0       0       0       0       0
      Totals:         0       8       0       0       0       0       0       0       0       0       0       0       0       0
Total ram usage:        8 bytes
 Hardware stack levels used:    1
 Hardware stack levels required when called:   10
 This function calls:
		_EEPROM_GetSavedPattern
		_InitLowerPattern
		_InitUpperLowerPattern
		_InitWigwagPattern
		_InitXStrobePattern
		_NewPattern
 This function is called by:
		_setup
 This function uses a non-reentrant model


 *************** function _NewPattern *****************
 Defined at:
		line 36 in file "Pattern.c"
 Parameters:    Size  Location     Type
		None
 Auto vars:     Size  Location     Type
  new_pattern     2   21[BANK0 ] PTR struct Pattern
		 -> pattern_stash(18), 
 Return value:  Size  Location     Type
                  2    8[BANK0 ] PTR struct Pattern
 Registers used:
		wreg, fsr1l, fsr1h, status,2, status,0, pclath, cstack
 Tracked objects:
		On entry : 
		On exit  : 
[...]
 Auto vars:     Size  Location     Type
		None
 Return value:  Size  Location     Type
                  4    0[BANK0 ] unsigned long 
 Registers used:
		wreg
 Tracked objects:
		On entry : 
		On exit  : 
		Unchanged: 
 Data sizes:     COMMON   BANK0   BANK1   BANK2   BANK3   BANK4   BANK5   BANK6   BANK7   BANK8   BANK9  BANK10  BANK11  BANK12
      Params:         0       4       0       0       0       0       0       0       0       0       0       0       0       0
      Locals:         0       0       0       0       0       0       0       0       0       0       0       0       0       0
      Temps:          0       0       0       0       0       0       0       0       0       0       0       0       0       0
      Totals:         0       4       0       0       0       0       0       0       0       0       0       0       0       0
Total ram usage:        4 bytes
 Hardware stack levels used:    1
 Hardware stack levels required when called:    6
 This function calls:
		Nothing
 This function is called by:
		_TurnSignalDone
		_FlashPattern
 This function uses a non-reentrant model


 *************** function _SetLight *****************
 Defined at:
		line 12 in file "Lights.c"
 Parameters:    Size  Location     Type
  light           1    wreg     const enum E6338
  _state          1    0[BANK0 ] const _Bool 
 Auto vars:     Size  Location     Type
  light           1    3[BANK0 ] const enum E6338
  state           1    4[BANK0 ] _Bool 
 Return value:  Size  Location     Type
                  1    wreg      void 
 Registers used:
		wreg, fsr0l, fsr0h, status,2, status,0
 Tracked objects:
		On entry : 
		On exit  : 
		Unchanged: 
 Data sizes:     COMMON   BANK0   BANK1   BANK2   BANK3   BANK4   BANK5   BANK6   BANK7   BANK8   BANK9  BANK10  BANK11  BANK12
      Params:         0       1       0       0       0       0       0       0       0       0       0       0       0       0
      Locals:         0       2       0       0       0       0       0       0       0       0       0       0       0       0
      Temps:          0       2       0       0       0       0       0       0       0       0       0       0       0       0
      Totals:         0       5       0       0       0       0       0       0       0       0       0       0       0       0
Total ram usage:        5 bytes
 Hardware stack levels used:    1
 Hardware stack levels required when called:    6
 This function calls:
		Nothing
 This function is called by:
		_SetOutputs
		_FlashPattern
 This function uses a non-reentrant model


 *************** function _INTERRUPT_InterruptManager *****************
 Defined at:
		line 52 in file "mcc_generated_files/interrupt_manager.c"
 Parameters:    Size  Location     Type
		None
 Auto vars:     Size  Location     Type
		None
 Return value:  Size  Location     Type
                  1    wreg      void 
 Registers used:
		wreg, fsr0l, fsr0h, status,2, status,0, pclath, cstack
 Tracked objects:
		On entry : 
		On exit  : 
		Unchanged: 
 Data sizes:     COMMON   BANK0   BANK1   BANK2   BANK3   BANK4   BANK5   BANK6   BANK7   BANK8   BANK9  BANK10  BANK11  BANK12
      Params:         0       0       0       0       0       0       0       0       0       0       0       0       0       0
      Locals:         0       0       0       0       0       0       0       0       0       0       0       0       0       0
      Temps:          0       0       0       0       0       0       0       0       0       0       0       0       0       0
      Totals:         0       0       0       0       0       0       0       0       0       0       0       0       0       0
Total ram usage:        0 bytes
 Hardware stack levels used:    1
 Hardware stack levels required when called:    5
 This function calls:
		_PIN_MANAGER_IOC
		_TMR1_ISR
 This function is called by:
		Interrupt level 1
 This function uses a non-reentrant model


 *************** function _TMR1_ISR *****************
 Defined at:
		line 157 in file "mcc_generated_files/tmr1.c"
 Parameters:    Size  Location     Type
		None
 Auto vars:     Size  Location     Type
		None
 Return value:  Size  Location     Type
                  1    wreg      void 
 Registers used:
		wreg, status,2, status,0, pclath, cstack
 Tracked objects:
		On entry : 
		On exit  : 
		Unchanged: 
 Data sizes:     COMMON   BANK0   BANK1   BANK2   BANK3   BANK4   BANK5   BANK6   BANK7   BANK8   BANK9  BANK10  BANK11  BANK12
      Params:         0       0       0       0       0       0       0       0       0       0       0       0       0       0
      Locals:         0       0       0       0       0       0       0       0       0       0       0       0       0       0
      Temps:          0       0       0       0       0       0       0       0       0       0       0       0       0       0
      Totals:         0       0       0       0       0       0       0       0       0       0       0       0       0       0
Total ram usage:        0 bytes
 Hardware stack levels used:    1
 Hardware stack levels required when called:    1
 This function calls:
		Absolute function
		_TMR1_DefaultInterruptHandler
		_TMR1_WriteTimer
 This function is called by:
		_INTERRUPT_InterruptManager
 This function uses a non-reentrant model


 *************** function _TMR1_WriteTimer *****************
 Defined at:
		line 120 in file "mcc_generated_files/tmr1.c"
 Parameters:    Size  Location     Type
  timerVal        2    0[COMMON] unsigned short 
 Auto vars:     Size  Location     Type
		None
 Return value:  Size  Location     Type
                  1    wreg      void 
 Registers used:
		wreg, status,2
 Tracked objects:
		On entry : 
		On exit  : 
		Unchanged: 
 Data sizes:     COMMON   BANK0   BANK1   BANK2   BANK3   BANK4   BANK5   BANK6   BANK7   BANK8   BANK9  BANK10  BANK11  BANK12
      Params:         2       0       0       0       0       0       0       0       0       0       0       0       0       0
      Locals:         0       0       0       0       0       0       0       0       0       0       0       0       0       0
      Temps:          0       0       0       0       0       0       0       0       0       0       0       0       0       0
      Totals:         2       0       0       0       0       0       0       0       0       0       0       0       0       0
Total ram usage:        2 bytes
 Hardware stack levels used:    1
 This function calls:
		Nothing
 This function is called by:
		_TMR1_ISR
		_TMR1_Reload
 This function uses a non-reentrant model


 *************** function _TMR1_DefaultInterruptHandler *****************
 Defined at:
		line 176 in file "mcc_generated_files/tmr1.c"
 Parameters:    Size  Location     Type
		None
 Auto vars:     Size  Location     Type
		None
 Return value:  Size  Location     Type
                  1    wreg      void 
 Registers used:
		wreg
 Tracked objects:
		On entry : 
		On exit  : 
		Unchanged: 
 Data sizes:     COMMON   BANK0   BANK1   BANK2   BANK3   BANK4   BANK5   BANK6   BANK7   BANK8   BANK9  BANK10  BANK11  BANK12
      Params:         0       0       0       0       0       0       0       0       0       0       0       0       0       0
      Locals:         0       0       0       0       0       0       0       0       0       0       0       0       0       0
      Temps:          0       0       0       0       0       0       0       0       0       0       0       0       0       0
      Totals:         0       0       0       0       0       0       0       0       0       0       0       0       0       0
Total ram usage:        0 bytes
 Hardware stack levels used:    1
 This function calls:
		Nothing
 This function is called by:
		_TMR1_Initialize
		_TMR1_ISR
 This function uses a non-reentrant model


 *************** function _PIN_MANAGER_IOC *****************
 Defined at:
		line 120 in file "mcc_generated_files/pin_manager.c"
 Parameters:    Size  Location     Type
		None
 Auto vars:     Size  Location     Type
		None
 Return value:  Size  Location     Type
                  1    wreg      void 
 Registers used:
		wreg, fsr0l, fsr0h, status,2, status,0, pclath, cstack
 Tracked objects:
		On entry : 
		On exit  : 
		Unchanged: 
 Data sizes:     COMMON   BANK0   BANK1   BANK2   BANK3   BANK4   BANK5   BANK6   BANK7   BANK8   BANK9  BANK10  BANK11  BANK12
      Params:         0       0       0       0       0       0       0       0       0       0       0       0       0       0
      Locals:         0       0       0       0       0       0       0       0       0       0       0       0       0       0
      Temps:          0       0       0       0       0       0       0       0       0       0       0       0       0       0
      Totals:         0       0       0       0       0       0       0       0       0       0       0       0       0       0
Total ram usage:        0 bytes
 Hardware stack levels used:    1
 Hardware stack levels required when called:    4
 This function calls:
		_IOCCF0_ISR
 This function is called by:
		_INTERRUPT_InterruptManager
 This function uses a non-reentrant model


 *************** function _IOCCF0_ISR *****************
 Defined at:
		line 132 in file "mcc_generated_files/pin_manager.c"
 Parameters:    Size  Location     Type
		None
 Auto vars:     Size  Location     Type
		None
 Return value:  Size  Location     Type
                  1    wreg      void 
 Registers used:
		wreg, fsr0l, fsr0h, status,2, status,0, pclath, cstack
 Tracked objects:
		On entry : 
		On exit  : 
		Unchanged: 
 Data sizes:     COMMON   BANK0   BANK1   BANK2   BANK3   BANK4   BANK5   BANK6   BANK7   BANK8   BANK9  BANK10  BANK11  BANK12
      Params:         0       0       0       0       0       0       0       0       0       0       0       0       0       0
      Locals:         0       0       0       0       0       0       0       0       0       0       0       0       0       0
      Temps:          0       0       0       0       0       0       0       0       0       0       0       0       0       0
      Totals:         0       0       0       0       0       0       0       0       0       0       0       0       0       0
Total ram usage:        0 bytes
 Hardware stack levels used:    1
 Hardware stack levels required when called:    3
 This function calls:
		Absolute function
		_TripTurnSignal
 This function is called by:
		_PIN_MANAGER_IOC
 This function uses a non-reentrant model


 *************** function _TripTurnSignal *****************
 Defined at:
		line 8 in file "TurnSignal.c"
 Parameters:    Size  Location     Type
		None
 Auto vars:     Size  Location     Type
		None
 Return value:  Size  Location     Type
                  1    wreg      void 
 Registers used:
		wreg, fsr0l, fsr0h, status,2, status,0, pclath, cstack
 Tracked objects:
		On entry : 
		On exit  : 
		Unchanged: 
 Data sizes:     COMMON   BANK0   BANK1   BANK2   BANK3   BANK4   BANK5   BANK6   BANK7   BANK8   BANK9  BANK10  BANK11  BANK12
      Params:         0       0       0       0       0       0       0       0       0       0       0       0       0       0
      Locals:         0       0       0       0       0       0       0       0       0       0       0       0       0       0
      Temps:          0       0       0       0       0       0       0       0       0       0       0       0       0       0
      Totals:         0       0       0       0       0       0       0       0       0       0       0       0       0       0
Total ram usage:        0 bytes
 Hardware stack levels used:    1
 Hardware stack levels required when called:    2
 This function calls:
		i1_SetOutputs
		i1_ms
 This function is called by:
		_PIN_MANAGER_Initialize
		_IOCCF0_ISR
 This function uses a non-reentrant model


 *************** function i1_ms *****************
 Defined at:
		line 7 in file "Time.c"
 Parameters:    Size  Location     Type
		None
 Auto vars:     Size  Location     Type
		None
 Return value:  Size  Location     Type
                  4    0[COMMON] unsigned long 
 Registers used:
		wreg
 Tracked objects:
		On entry : 
		On exit  : 
		Unchanged: 
 Data sizes:     COMMON   BANK0   BANK1   BANK2   BANK3   BANK4   BANK5   BANK6   BANK7   BANK8   BANK9  BANK10  BANK11  BANK12
      Params:         4       0       0       0       0       0       0       0       0       0       0       0       0       0
      Locals:         0       0       0       0       0       0       0       0       0       0       0       0       0       0
      Temps:          0       0       0       0       0       0       0       0       0       0       0       0       0       0
      Totals:         4       0       0       0       0       0       0       0       0       0       0       0       0       0
Total ram usage:        4 bytes
 Hardware stack levels used:    1
 This function calls:
		Nothing
 This function is called by:
		_TripTurnSignal
 This function uses a non-reentrant model


 *************** function i1_SetOutputs *****************
 Defined at:
		line 39 in file "Lights.c"
 Parameters:    Size  Location     Type
  state           1    wreg     const _Bool 
 Auto vars:     Size  Location     Type
  state           1    6[COMMON] const _Bool 
 Return value:  Size  Location     Type
                  1    wreg      void 
 Registers used:
		wreg, fsr0l, fsr0h, status,2, status,0, pclath, cstack
 Tracked objects:
		On entry : 
		On exit  : 
		Unchanged: 
 Data sizes:     COMMON   BANK0   BANK1   BANK2   BANK3   BANK4   BANK5   BANK6   BANK7   BANK8   BANK9  BANK10  BANK11  BANK12
      Params:         0       0       0       0       0       0       0       0       0       0       0       0       0       0
      Locals:         1       0       0       0       0       0       0       0       0       0       0       0       0       0
      Temps:          1       0       0       0       0       0       0       0       0       0       0       0       0       0
      Totals:         2       0       0       0       0       0       0       0       0       0       0       0       0       0
Total ram usage:        2 bytes
 Hardware stack levels used:    1
 Hardware stack levels required when called:    1
 This function calls:
		i1_SetLight
 This function is called by:
		_TripTurnSignal
 This function uses a non-reentrant model


 *************** function i1_SetLight *****************
 Defined at:
		line 12 in file "Lights.c"
 Parameters:    Size  Location     Type
  light           1    wreg     const enum E6338
  _state          1    0[COMMON] const _Bool 
 Auto vars:     Size  Location     Type
  light           1    3[COMMON] const enum E6338
  SetLight        1    4[COMMON] _Bool 
 Return value:  Size  Location     Type
                  1    wreg      void 
 Registers used:
		wreg, fsr0l, fsr0h, status,2, status,0
 Tracked objects:
		On entry : 
		On exit  : 
		Unchanged: 
 Data sizes:     COMMON   BANK0   BANK1   BANK2   BANK3   BANK4   BANK5   BANK6   BANK7   BANK8   BANK9  BANK10  BANK11  BANK12
      Params:         1       0       0       0       0       0       0       0       0       0       0       0       0       0
      Locals:         2       0       0       0       0       0       0       0       0       0       0       0       0       0
      Temps:          2       0       0       0       0       0       0       0       0       0       0       0       0       0
      Totals:         5       0       0       0       0       0       0       0       0       0       0       0       0       0
Total ram usage:        5 bytes
 Hardware stack levels used:    1
 This function calls:
		Nothing
 This function is called by:
		i1_SetOutputs
 This function uses a non-reentrant model



MODULE INFORMATION

Module		Function		Class		Link	Load	Size
C:\Program Files (x86)\Microchip\xc8\v2.10\pic\sources\c99\pic\__eeread.c
		_eeprom_read   		CODE           	0D39	0000	20

C:\Program Files (x86)\Microchip\xc8\v2.10\pic\sources\c99\pic\__eeread.c estimated size: 20

C:\Program Files (x86)\Microchip\xc8\v2.10\pic\sources\c99\pic\__eewrite.c
		_eeprom_write  		CODE           	0EE8	0000	47

C:\Program Files (x86)\Microchip\xc8\v2.10\pic\sources\c99\pic\__eewrite.c estimated size: 47

Lights.c
		_SetOutputs    		CODE           	0E3D	0000	39
		_SetLight      		CODE           	06D1	0000	115

Lights.c estimated size: 154

Pattern.c
		_InitLowerPattern		CODE           	0281	0000	267
		_InitWigwagPattern		CODE           	038B	0000	266
		_AppendStage   		CODE           	0743	0000	89
		_AssignLightStates		CODE           	0E18	0000	38
		_CopyStageData 		CODE           	0F4A	0000	58
		_NewPattern    		CODE           	0F83	0000	63
		_NewStage      		CODE           	079B	0000	80
		_ConstructStage		CODE           	0EBB	0000	46
		_InitUpperLowerPattern		CODE           	0177	0000	267
		_InitXStrobePattern		CODE           	006D	0000	267

Pattern.c estimated size: 1441

mcc_generated_files/interrupt_manager.c
		_INTERRUPT_InterruptManager		CODE           	0004	0000	37

mcc_generated_files/interrupt_manager.c estimated size: 37

mcc_generated_files/pin_manager.c
		_PIN_MANAGER_Initialize		CODE           	0E63	0000	45
		_IOCCF0_ISR    		CODE           	0CF8	0000	16
		_IOCCF0_SetInterruptHandler		CODE           	0CA5	0000	10
		_PIN_MANAGER_IOC		CODE           	0C93	0000	10

mcc_generated_files/pin_manager.c estimated size: 81

EEPROM.c
		_EEPROM_GetSavedPattern		CODE           	0DD5	0000	34
		_EEPROM_SavePattern		CODE           	0CD5	0000	12

EEPROM.c estimated size: 46

shared
		i1_ms          		CODE           	0CB7	0000	11
		i1_SetLight    		CODE           	065C	0000	118
		__initialization		CODE           	002A	0000	64
		i1_SetOutputs  		CODE           	0DF6	0000	35

shared estimated size: 228

mcc_generated_files/mcc.c
		_WDT_Initialize		CODE           	0C87	0000	5
		_PMD_Initialize		CODE           	0C8B	0000	9
		_OSCILLATOR_Initialize		CODE           	0C9C	0000	10
		_SYSTEM_Initialize		CODE           	0D07	0000	17

mcc_generated_files/mcc.c estimated size: 41

mcc_generated_files/tmr1.c
		_TMR1_Initialize		CODE           	0D4C	0000	22
		_TMR1_SetInterruptHandler		CODE           	0CAE	0000	10
		_TMR1_DefaultInterruptHandler		CODE           	0CC1	0000	11
		_TMR1_WriteTimer		CODE           	0D28	0000	18
		_TMR1_StartTimer		CODE           	0C84	0000	4
		_TMR1_ISR      		CODE           	07EA	0000	23

mcc_generated_files/tmr1.c estimated size: 88

TurnSignal.c
		_TurnSignalDone		CODE           	0FC1	0000	64
		_PatternCycleInputChanged		CODE           	0F16	0000	53
		_TripTurnSignal		CODE           	0D17	0000	18

TurnSignal.c estimated size: 135

C:\Program Files (x86)\Microchip\xc8\v2.10\pic\sources\c99\common\abs.c
		_abs           		CODE           	0D79	0000	29

C:\Program Files (x86)\Microchip\xc8\v2.10\pic\sources\c99\common\abs.c estimated size: 29

C:\Program Files (x86)\Microchip\xc8\v2.10\pic\sources\c99\common\Umul16.c
		___wmul        		CODE           	0D95	0000	33

C:\Program Files (x86)\Microchip\xc8\v2.10\pic\sources\c99\common\Umul16.c estimated size: 33

Time.c
		_ms            		CODE           	0CCB	0000	11

Time.c estimated size: 11

PatternFlasher.c
		_FlashPattern  		CODE           	0532	0000	156

PatternFlasher.c estimated size: 156

main.c
		_main          		CODE           	0E8F	0000	45
		_setup         		CODE           	0D61	0000	25

main.c estimated size: 70

PatternSelector.c
		_NextPattern   		CODE           	05CD	0000	144
		_InitPatternSelector		CODE           	0494	0000	159

PatternSelector.c estimated size: 303

